Заказчик: 2021-02-09T21:10:34|Ancillary|30000 - ,00 кг, Количество заказов: 0
